// Jest Snapshot v1, https://goo.gl/fbAQLP

exports[`renders correctly 1`] = `
<vcard-stub tag="div" class="flex-row" style="max-height: 250px; flex-direction: row;">
  <div class="flex-column" style="margin: 10px; padding: 0px 20px;">
    <!---->
  </div>
  <div class="flex-column" style="justify-content: space-between; margin: 10px; padding: 0px 20px;">
    <h3 style="height: 40px; width: 100%;"></h3>
    <p style="margin: 0px; width: 100%; display: flex;"></p>
  </div>
</vcard-stub>
`;
